INFO:     Started server process [17004]
INFO:     Waiting for application startup.
INFO:     Application startup complete.
INFO:     Uvicorn running on http://0.0.0.0:8020 (Press CTRL+C to quit)
DEBUG row=kgn1000330-ÓÀºã base=kgn1000330 matches=8 row.main_images_before=[]
DEBUG row=kgn1000330-ÓÀºã row.main_images_after=8
DEBUG row=kgb1001036-ÓÀºã base=kgb1001036 matches=0 row.main_images_before=[]
DEBUG row=kgb1001036-ÓÀºã row.main_images_after=0
DEBUG row=kgeb0000098-ÓÀºã base=kgeb0000098 matches=0 row.main_images_before=[]
DEBUG row=kgeb0000098-ÓÀºã row.main_images_after=0
DEBUG row=kgr1002739-ÓÀºã base=kgr1002739 matches=0 row.main_images_before=[]
DEBUG row=kgr1002739-ÓÀºã row.main_images_after=0
DEBUG row=zstl002-ÇãÐÄ base=zstl002 matches=0 row.main_images_before=[]
DEBUG row=zstl002-ÇãÐÄ row.main_images_after=0
DEBUG row=zstl002j-ÇãÐÄ base=zstl002j matches=0 row.main_images_before=[]
DEBUG row=zstl002j-ÇãÐÄ row.main_images_after=0
DEBUG row=zstl002er-ÇãÐÄ base=zstl002er matches=0 row.main_images_before=[]
DEBUG row=zstl002er-ÇãÐÄ row.main_images_after=0
DEBUG row=zstl001-»¨Ñú base=zstl001 matches=0 row.main_images_before=[]
DEBUG row=zstl001-»¨Ñú row.main_images_after=0
DEBUG row=zstl001zj-»¨Ñú base=zstl001zj matches=0 row.main_images_before=[]
DEBUG row=zstl001zj-»¨Ñú row.main_images_after=0
